// Jest Snapshot v1, https://goo.gl/fbAQLP

exports[`app/containers/Entry Entry snapshot 1`] = `
<div>
  entry snapshot
</div>
`;
